

================================================================
== Vitis HLS Report for 'dwell_fcw_streamer_64'
================================================================
* Date:           Mon Jun 29 14:40:04 2026

* Version:        2024.1 (Build 5069499 on May 21 2024)
* Project:        dwell_fcw_streamer_64_prj
* Solution:       solution1 (Vivado IP Flow Target)
* Product family: zynquplusRFSOC
* Target device:  xczu49dr-ffvf1760-2-e


================================================================
== Performance Estimates
================================================================
+ Timing: 
    * Summary: 
    +--------+---------+----------+------------+
    |  Clock |  Target | Estimated| Uncertainty|
    +--------+---------+----------+------------+
    |ap_clk  |  4.07 ns|  2.746 ns|     1.10 ns|
    +--------+---------+----------+------------+

+ Latency: 
    * Summary: 
    +---------+---------+----------+----------+-----+-----+---------+
    |  Latency (cycles) |  Latency (absolute) |  Interval | Pipeline|
    |   min   |   max   |    min   |    max   | min | max |   Type  |
    +---------+---------+----------+----------+-----+-----+---------+
    |        0|        0|      0 ns|      0 ns|    1|    1|      yes|
    +---------+---------+----------+----------+-----+-----+---------+

    + Detail: 
        * Instance: 
        N/A

        * Loop: 
        N/A

============================================================
+ Verbose Summary: Synthesis Manager
============================================================
InlineROM: 1
ExposeGlobal: 0
============================================================
+ Verbose Summary: CDFG Model
============================================================
IsTopModel: 1
ResetActiveHigh: 1
IsCombinational: 0
IsDatapathOnly: 0
HasWiredReturn: 1
HasMFsm: 2
HasVarLatency: 0
IsPipeline: 1
IsRtlPipelined: 0
IsInstanceOverlapped: 0
IsDontTouch: 0
HasImplIP: 0
IsGatedGlobalClock: 0

+ Individual pipeline summary: 
  * Pipeline-0: initiation interval (II) = 1, depth = 1


============================================================
+ Verbose Summary: Schedule
============================================================
* Number of FSM states : 1
* Pipeline : 1
  Pipeline-0 : II = 1, D = 1, States = { 1 }
* Dataflow Pipeline: 0

* FSM state transitions: 
1 --> 

* FSM state operations: 

State 1 <SV = 0> <Delay = 2.74>
ST_1 : Operation 2 [1/1] (0.00ns)   --->   "%specpipeline_ln20 = specpipeline void @_ssdm_op_SpecPipeline, i32 1, i32 0, i32 0, i32 0, void @empty_1" [dwell_fcw_streamer_64.cpp:20]   --->   Operation 2 'specpipeline' 'specpipeline_ln20' <Predicate = true> <Delay = 0.00>
ST_1 : Operation 3 [1/1] (0.00ns)   --->   "%spectopmodule_ln8 = spectopmodule void @_ssdm_op_SpecTopModule, void @empty_4" [dwell_fcw_streamer_64.cpp:8]   --->   Operation 3 'spectopmodule' 'spectopmodule_ln8' <Predicate = true> <Delay = 0.00>
ST_1 : Operation 4 [1/1] (0.00ns)   --->   "%specinterface_ln8 = specinterface void @_ssdm_op_SpecInterface, i32 0, void @empty_5, i32 0, i32 0, void @empty_1, i32 0, i32 0, void @empty_1, void @empty_1, void @empty_1, i32 0, i32 0, i32 0, i32 0, void @empty_1, void @empty_1, i32 4294967295, i32 0, i32 0" [dwell_fcw_streamer_64.cpp:8]   --->   Operation 4 'specinterface' 'specinterface_ln8' <Predicate = true> <Delay = 0.00>
ST_1 : Operation 5 [1/1] (0.00ns)   --->   "%specinterface_ln0 = specinterface void @_ssdm_op_SpecInterface, i64 %s_axis_cmd_V_data_V, i8 %s_axis_cmd_V_keep_V, i8 %s_axis_cmd_V_strb_V, i1 %s_axis_cmd_V_last_V, void @empty, i32 1, i32 1, void @empty_0, i32 0, i32 0, void @empty_1, void @empty_1, void @empty_1, i32 0, i32 0, i32 0, i32 0, void @empty_1, void @empty_1, i32 4294967295, i32 0, i32 0"   --->   Operation 5 'specinterface' 'specinterface_ln0' <Predicate = true> <Delay = 0.00>
ST_1 : Operation 6 [1/1] (0.00ns)   --->   "%specbitsmap_ln0 = specbitsmap void @_ssdm_op_SpecBitsMap, i64 %s_axis_cmd_V_data_V"   --->   Operation 6 'specbitsmap' 'specbitsmap_ln0' <Predicate = true> <Delay = 0.00>
ST_1 : Operation 7 [1/1] (0.00ns)   --->   "%specbitsmap_ln0 = specbitsmap void @_ssdm_op_SpecBitsMap, i8 %s_axis_cmd_V_keep_V"   --->   Operation 7 'specbitsmap' 'specbitsmap_ln0' <Predicate = true> <Delay = 0.00>
ST_1 : Operation 8 [1/1] (0.00ns)   --->   "%specbitsmap_ln0 = specbitsmap void @_ssdm_op_SpecBitsMap, i8 %s_axis_cmd_V_strb_V"   --->   Operation 8 'specbitsmap' 'specbitsmap_ln0' <Predicate = true> <Delay = 0.00>
ST_1 : Operation 9 [1/1] (0.00ns)   --->   "%specbitsmap_ln0 = specbitsmap void @_ssdm_op_SpecBitsMap, i1 %s_axis_cmd_V_last_V"   --->   Operation 9 'specbitsmap' 'specbitsmap_ln0' <Predicate = true> <Delay = 0.00>
ST_1 : Operation 10 [1/1] (0.00ns)   --->   "%specbitsmap_ln0 = specbitsmap void @_ssdm_op_SpecBitsMap, i1 %start_r"   --->   Operation 10 'specbitsmap' 'specbitsmap_ln0' <Predicate = true> <Delay = 0.00>
ST_1 : Operation 11 [1/1] (0.00ns)   --->   "%specinterface_ln0 = specinterface void @_ssdm_op_SpecInterface, i1 %start_r, void @empty_2, i32 4294967295, i32 4294967295, void @empty_1, i32 0, i32 0, void @empty_1, void @empty_1, void @empty_1, i32 0, i32 0, i32 0, i32 0, void @empty_1, void @empty_1, i32 4294967295, i32 0, i32 0"   --->   Operation 11 'specinterface' 'specinterface_ln0' <Predicate = true> <Delay = 0.00>
ST_1 : Operation 12 [1/1] (0.00ns)   --->   "%specbitsmap_ln0 = specbitsmap void @_ssdm_op_SpecBitsMap, i32 %fcw_out"   --->   Operation 12 'specbitsmap' 'specbitsmap_ln0' <Predicate = true> <Delay = 0.00>
ST_1 : Operation 13 [1/1] (0.00ns)   --->   "%specinterface_ln0 = specinterface void @_ssdm_op_SpecInterface, i32 %fcw_out, void @empty_2, i32 4294967295, i32 4294967295, void @empty_1, i32 0, i32 0, void @empty_1, void @empty_1, void @empty_1, i32 0, i32 0, i32 0, i32 0, void @empty_1, void @empty_1, i32 4294967295, i32 0, i32 0"   --->   Operation 13 'specinterface' 'specinterface_ln0' <Predicate = true> <Delay = 0.00>
ST_1 : Operation 14 [1/1] (0.00ns)   --->   "%specbitsmap_ln0 = specbitsmap void @_ssdm_op_SpecBitsMap, i1 %active_r"   --->   Operation 14 'specbitsmap' 'specbitsmap_ln0' <Predicate = true> <Delay = 0.00>
ST_1 : Operation 15 [1/1] (0.00ns)   --->   "%specinterface_ln0 = specinterface void @_ssdm_op_SpecInterface, i1 %active_r, void @empty_2, i32 4294967295, i32 4294967295, void @empty_1, i32 0, i32 0, void @empty_1, void @empty_1, void @empty_1, i32 0, i32 0, i32 0, i32 0, void @empty_1, void @empty_1, i32 4294967295, i32 0, i32 0"   --->   Operation 15 'specinterface' 'specinterface_ln0' <Predicate = true> <Delay = 0.00>
ST_1 : Operation 16 [1/1] (0.00ns)   --->   "%specbitsmap_ln0 = specbitsmap void @_ssdm_op_SpecBitsMap, i1 %dwell_wait"   --->   Operation 16 'specbitsmap' 'specbitsmap_ln0' <Predicate = true> <Delay = 0.00>
ST_1 : Operation 17 [1/1] (0.00ns)   --->   "%specinterface_ln0 = specinterface void @_ssdm_op_SpecInterface, i1 %dwell_wait, void @empty_2, i32 4294967295, i32 4294967295, void @empty_1, i32 0, i32 0, void @empty_1, void @empty_1, void @empty_1, i32 0, i32 0, i32 0, i32 0, void @empty_1, void @empty_1, i32 4294967295, i32 0, i32 0"   --->   Operation 17 'specinterface' 'specinterface_ln0' <Predicate = true> <Delay = 0.00>
ST_1 : Operation 18 [1/1] (0.00ns)   --->   "%start_r_read = read i1 @_ssdm_op_Read.ap_none.i1, i1 %start_r"   --->   Operation 18 'read' 'start_r_read' <Predicate = true> <Delay = 0.00>
ST_1 : Operation 19 [1/1] (0.00ns)   --->   "%current_fcw_load = load i32 %current_fcw" [dwell_fcw_streamer_64.cpp:39]   --->   Operation 19 'load' 'current_fcw_load' <Predicate = true> <Delay = 0.00>
ST_1 : Operation 20 [1/1] (0.00ns)   --->   "%write_ln39 = write void @_ssdm_op_Write.ap_none.i32P0A, i32 %fcw_out, i32 %current_fcw_load" [dwell_fcw_streamer_64.cpp:39]   --->   Operation 20 'write' 'write_ln39' <Predicate = true> <Delay = 0.00>
ST_1 : Operation 21 [1/1] (0.00ns)   --->   "%state_load = load i1 %state"   --->   Operation 21 'load' 'state_load' <Predicate = true> <Delay = 0.00>
ST_1 : Operation 22 [1/1] (0.00ns)   --->   "%write_ln40 = write void @_ssdm_op_Write.ap_none.i1P0A, i1 %active_r, i1 %state_load" [dwell_fcw_streamer_64.cpp:40]   --->   Operation 22 'write' 'write_ln40' <Predicate = true> <Delay = 0.00>
ST_1 : Operation 23 [1/1] (0.00ns)   --->   "%specaxissidechannel_ln41 = specaxissidechannel void @_ssdm_op_SpecAXISSideChannel, i64 %s_axis_cmd_V_data_V, i8 %s_axis_cmd_V_keep_V, i8 %s_axis_cmd_V_strb_V, i1 0, i1 %s_axis_cmd_V_last_V, i1 0, i1 0, void @empty_3" [dwell_fcw_streamer_64.cpp:41]   --->   Operation 23 'specaxissidechannel' 'specaxissidechannel_ln41' <Predicate = true> <Delay = 0.00>
ST_1 : Operation 24 [1/1] (0.00ns)   --->   "%dwell_remaining_load = load i32 %dwell_remaining" [dwell_fcw_streamer_64.cpp:41]   --->   Operation 24 'load' 'dwell_remaining_load' <Predicate = true> <Delay = 0.00>
ST_1 : Operation 25 [1/1] (1.01ns)   --->   "%icmp_ln41 = icmp_ne  i32 %dwell_remaining_load, i32 0" [dwell_fcw_streamer_64.cpp:41]   --->   Operation 25 'icmp' 'icmp_ln41' <Predicate = true> <Delay = 1.01> <CoreInst = "Cmp">   --->   Core 9 'Cmp' <Latency = 0> <II = 1> <Delay = 1.01> <FuncUnit> <Opcode : 'seteq' 'setne' 'setle' 'setge' 'setlt' 'setgt'> <InPorts = 2> <OutPorts = 1>
ST_1 : Operation 26 [1/1] (0.28ns)   --->   "%and_ln41 = and i1 %state_load, i1 %icmp_ln41" [dwell_fcw_streamer_64.cpp:41]   --->   Operation 26 'and' 'and_ln41' <Predicate = true> <Delay = 0.28> <CoreInst = "LogicGate">   --->   Core 74 'LogicGate' <Latency = 0> <II = 1> <Delay = 0.28> <FuncUnit> <Opcode : 'and' 'or' 'xor'> <InPorts = 2> <OutPorts = 1>
ST_1 : Operation 27 [1/1] (0.00ns)   --->   "%write_ln41 = write void @_ssdm_op_Write.ap_none.i1P0A, i1 %dwell_wait, i1 %and_ln41" [dwell_fcw_streamer_64.cpp:41]   --->   Operation 27 'write' 'write_ln41' <Predicate = true> <Delay = 0.00>
ST_1 : Operation 28 [1/1] (0.00ns)   --->   "%start_d_load = load i1 %start_d" [dwell_fcw_streamer_64.cpp:43]   --->   Operation 28 'load' 'start_d_load' <Predicate = true> <Delay = 0.00>
ST_1 : Operation 29 [1/1] (0.00ns) (grouped into LUT with out node start_edge)   --->   "%xor_ln43 = xor i1 %start_d_load, i1 1" [dwell_fcw_streamer_64.cpp:43]   --->   Operation 29 'xor' 'xor_ln43' <Predicate = true> <Delay = 0.00> <CoreInst = "LogicGate">   --->   Core 74 'LogicGate' <Latency = 0> <II = 1> <Delay = 0.28> <FuncUnit> <Opcode : 'and' 'or' 'xor'> <InPorts = 2> <OutPorts = 1>
ST_1 : Operation 30 [1/1] (0.28ns) (out node of the LUT)   --->   "%start_edge = and i1 %start_r_read, i1 %xor_ln43" [dwell_fcw_streamer_64.cpp:43]   --->   Operation 30 'and' 'start_edge' <Predicate = true> <Delay = 0.28> <CoreInst = "LogicGate">   --->   Core 74 'LogicGate' <Latency = 0> <II = 1> <Delay = 0.28> <FuncUnit> <Opcode : 'and' 'or' 'xor'> <InPorts = 2> <OutPorts = 1>
ST_1 : Operation 31 [1/1] (0.00ns)   --->   "%store_ln44 = store i1 %start_r_read, i1 %start_d" [dwell_fcw_streamer_64.cpp:44]   --->   Operation 31 'store' 'store_ln44' <Predicate = true> <Delay = 0.00>
ST_1 : Operation 32 [1/1] (0.00ns)   --->   "%current_word_was_last_load = load i1 %current_word_was_last" [dwell_fcw_streamer_64.cpp:67]   --->   Operation 32 'load' 'current_word_was_last_load' <Predicate = true> <Delay = 0.00>
ST_1 : Operation 33 [1/1] (0.00ns)   --->   "%br_ln46 = br i1 %state_load, void %if.then, void %if.end13" [dwell_fcw_streamer_64.cpp:46]   --->   Operation 33 'br' 'br_ln46' <Predicate = true> <Delay = 0.00>
ST_1 : Operation 34 [1/1] (0.42ns)   --->   "%store_ln47 = store i32 0, i32 %current_fcw" [dwell_fcw_streamer_64.cpp:47]   --->   Operation 34 'store' 'store_ln47' <Predicate = (!state_load)> <Delay = 0.42>
ST_1 : Operation 35 [1/1] (0.47ns)   --->   "%store_ln48 = store i32 0, i32 %dwell_remaining" [dwell_fcw_streamer_64.cpp:48]   --->   Operation 35 'store' 'store_ln48' <Predicate = (!state_load)> <Delay = 0.47>
ST_1 : Operation 36 [1/1] (0.42ns)   --->   "%store_ln49 = store i1 0, i1 %current_word_was_last" [dwell_fcw_streamer_64.cpp:49]   --->   Operation 36 'store' 'store_ln49' <Predicate = (!state_load)> <Delay = 0.42>
ST_1 : Operation 37 [1/1] (0.00ns)   --->   "%br_ln51 = br i1 %start_edge, void %if.end, void %if.then12" [dwell_fcw_streamer_64.cpp:51]   --->   Operation 37 'br' 'br_ln51' <Predicate = (!state_load)> <Delay = 0.00>
ST_1 : Operation 38 [1/1] (0.42ns)   --->   "%store_ln0 = store i1 1, i1 %state"   --->   Operation 38 'store' 'store_ln0' <Predicate = (!state_load & start_edge)> <Delay = 0.42>
ST_1 : Operation 39 [1/1] (0.00ns)   --->   "%br_ln53 = br void %if.end" [dwell_fcw_streamer_64.cpp:53]   --->   Operation 39 'br' 'br_ln53' <Predicate = (!state_load & start_edge)> <Delay = 0.00>
ST_1 : Operation 40 [1/1] (0.00ns)   --->   "%br_ln55 = br void %cleanup.cont" [dwell_fcw_streamer_64.cpp:55]   --->   Operation 40 'br' 'br_ln55' <Predicate = (!state_load)> <Delay = 0.00>
ST_1 : Operation 41 [1/1] (1.01ns)   --->   "%icmp_ln67 = icmp_eq  i32 %dwell_remaining_load, i32 0" [dwell_fcw_streamer_64.cpp:67]   --->   Operation 41 'icmp' 'icmp_ln67' <Predicate = (state_load)> <Delay = 1.01> <CoreInst = "Cmp">   --->   Core 9 'Cmp' <Latency = 0> <II = 1> <Delay = 1.01> <FuncUnit> <Opcode : 'seteq' 'setne' 'setle' 'setge' 'setlt' 'setgt'> <InPorts = 2> <OutPorts = 1>
ST_1 : Operation 42 [1/1] (0.28ns)   --->   "%and_ln67 = and i1 %current_word_was_last_load, i1 %icmp_ln67" [dwell_fcw_streamer_64.cpp:67]   --->   Operation 42 'and' 'and_ln67' <Predicate = (state_load)> <Delay = 0.28> <CoreInst = "LogicGate">   --->   Core 74 'LogicGate' <Latency = 0> <II = 1> <Delay = 0.28> <FuncUnit> <Opcode : 'and' 'or' 'xor'> <InPorts = 2> <OutPorts = 1>
ST_1 : Operation 43 [1/1] (0.00ns)   --->   "%br_ln67 = br i1 %and_ln67, void %if.else, void %if.then15" [dwell_fcw_streamer_64.cpp:67]   --->   Operation 43 'br' 'br_ln67' <Predicate = (state_load)> <Delay = 0.00>
ST_1 : Operation 44 [1/1] (0.00ns)   --->   "%br_ln71 = br i1 %icmp_ln67, void %if.then18, void %if.else24" [dwell_fcw_streamer_64.cpp:71]   --->   Operation 44 'br' 'br_ln71' <Predicate = (state_load & !and_ln67)> <Delay = 0.00>
ST_1 : Operation 45 [1/1] (1.01ns)   --->   "%add_ln72 = add i32 %dwell_remaining_load, i32 4294967295" [dwell_fcw_streamer_64.cpp:72]   --->   Operation 45 'add' 'add_ln72' <Predicate = (state_load & !and_ln67 & !icmp_ln67)> <Delay = 1.01> <CoreInst = "Adder">   --->   Core 1 'Adder' <Latency = 0> <II = 1> <Delay = 1.01> <FuncUnit> <Opcode : 'add' 'sub'> <InPorts = 2> <OutPorts = 1>
ST_1 : Operation 46 [1/1] (0.47ns)   --->   "%store_ln72 = store i32 %add_ln72, i32 %dwell_remaining" [dwell_fcw_streamer_64.cpp:72]   --->   Operation 46 'store' 'store_ln72' <Predicate = (state_load & !and_ln67 & !icmp_ln67)> <Delay = 0.47>
ST_1 : Operation 47 [1/1] (1.01ns)   --->   "%icmp_ln74 = icmp_eq  i32 %add_ln72, i32 0" [dwell_fcw_streamer_64.cpp:74]   --->   Operation 47 'icmp' 'icmp_ln74' <Predicate = (state_load & !and_ln67 & !icmp_ln67)> <Delay = 1.01> <CoreInst = "Cmp">   --->   Core 9 'Cmp' <Latency = 0> <II = 1> <Delay = 1.01> <FuncUnit> <Opcode : 'seteq' 'setne' 'setle' 'setge' 'setlt' 'setgt'> <InPorts = 2> <OutPorts = 1>
ST_1 : Operation 48 [1/1] (0.28ns)   --->   "%and_ln74 = and i1 %current_word_was_last_load, i1 %icmp_ln74" [dwell_fcw_streamer_64.cpp:74]   --->   Operation 48 'and' 'and_ln74' <Predicate = (state_load & !and_ln67 & !icmp_ln67)> <Delay = 0.28> <CoreInst = "LogicGate">   --->   Core 74 'LogicGate' <Latency = 0> <II = 1> <Delay = 0.28> <FuncUnit> <Opcode : 'and' 'or' 'xor'> <InPorts = 2> <OutPorts = 1>
ST_1 : Operation 49 [1/1] (0.00ns)   --->   "%br_ln74 = br i1 %and_ln74, void %if.end23, void %if.then21" [dwell_fcw_streamer_64.cpp:74]   --->   Operation 49 'br' 'br_ln74' <Predicate = (state_load & !and_ln67 & !icmp_ln67)> <Delay = 0.00>
ST_1 : Operation 50 [1/1] (0.42ns)   --->   "%store_ln0 = store i1 0, i1 %state"   --->   Operation 50 'store' 'store_ln0' <Predicate = (state_load & !and_ln67 & !icmp_ln67 & and_ln74)> <Delay = 0.42>
ST_1 : Operation 51 [1/1] (0.42ns)   --->   "%store_ln76 = store i32 0, i32 %current_fcw" [dwell_fcw_streamer_64.cpp:76]   --->   Operation 51 'store' 'store_ln76' <Predicate = (state_load & !and_ln67 & !icmp_ln67 & and_ln74)> <Delay = 0.42>
ST_1 : Operation 52 [1/1] (0.42ns)   --->   "%store_ln77 = store i1 0, i1 %current_word_was_last" [dwell_fcw_streamer_64.cpp:77]   --->   Operation 52 'store' 'store_ln77' <Predicate = (state_load & !and_ln67 & !icmp_ln67 & and_ln74)> <Delay = 0.42>
ST_1 : Operation 53 [1/1] (0.00ns)   --->   "%br_ln78 = br void %if.end23" [dwell_fcw_streamer_64.cpp:78]   --->   Operation 53 'br' 'br_ln78' <Predicate = (state_load & !and_ln67 & !icmp_ln67 & and_ln74)> <Delay = 0.00>
ST_1 : Operation 54 [1/1] (0.00ns)   --->   "%br_ln79 = br void %if.end30" [dwell_fcw_streamer_64.cpp:79]   --->   Operation 54 'br' 'br_ln79' <Predicate = (state_load & !and_ln67 & !icmp_ln67)> <Delay = 0.00>
ST_1 : Operation 55 [1/1] (0.07ns)   --->   "%empty = read i81 @_ssdm_op_Read.axis.volatile.i64P0A.i8P0A.i8P0A.i1P0A, i64 %s_axis_cmd_V_data_V, i8 %s_axis_cmd_V_keep_V, i8 %s_axis_cmd_V_strb_V, i1 %s_axis_cmd_V_last_V" [dwell_fcw_streamer_64.cpp:80]   --->   Operation 55 'read' 'empty' <Predicate = (state_load & !and_ln67 & icmp_ln67)> <Delay = 0.07> <CoreInst = "regslice">   --->   Core 148 'regslice' <Latency = 0> <II = 1> <Delay = 0.73> <Adapter> <Opcode : 'read' 'write'>
ST_1 : Operation 56 [1/1] (0.00ns)   --->   "%command_word_data = extractvalue i81 %empty" [dwell_fcw_streamer_64.cpp:80]   --->   Operation 56 'extractvalue' 'command_word_data' <Predicate = (state_load & !and_ln67 & icmp_ln67)> <Delay = 0.00>
ST_1 : Operation 57 [1/1] (0.00ns)   --->   "%command_word_last = extractvalue i81 %empty" [dwell_fcw_streamer_64.cpp:80]   --->   Operation 57 'extractvalue' 'command_word_last' <Predicate = (state_load & !and_ln67 & icmp_ln67)> <Delay = 0.00>
ST_1 : Operation 58 [1/1] (0.00ns)   --->   "%tmp1 = partselect i32 @_ssdm_op_PartSelect.i32.i64.i32.i32, i64 %command_word_data, i32 32, i32 63" [dwell_fcw_streamer_64.cpp:83]   --->   Operation 58 'partselect' 'tmp1' <Predicate = (state_load & !and_ln67 & icmp_ln67)> <Delay = 0.00>
ST_1 : Operation 59 [1/1] (0.42ns)   --->   "%store_ln83 = store i32 %tmp1, i32 %current_fcw" [dwell_fcw_streamer_64.cpp:83]   --->   Operation 59 'store' 'store_ln83' <Predicate = (state_load & !and_ln67 & icmp_ln67)> <Delay = 0.42>
ST_1 : Operation 60 [1/1] (0.00ns)   --->   "%trunc_ln84 = trunc i64 %command_word_data" [dwell_fcw_streamer_64.cpp:84]   --->   Operation 60 'trunc' 'trunc_ln84' <Predicate = (state_load & !and_ln67 & icmp_ln67)> <Delay = 0.00>
ST_1 : Operation 61 [1/1] (0.47ns)   --->   "%store_ln84 = store i32 %trunc_ln84, i32 %dwell_remaining" [dwell_fcw_streamer_64.cpp:84]   --->   Operation 61 'store' 'store_ln84' <Predicate = (state_load & !and_ln67 & icmp_ln67)> <Delay = 0.47>
ST_1 : Operation 62 [1/1] (0.42ns)   --->   "%store_ln85 = store i1 %command_word_last, i1 %current_word_was_last" [dwell_fcw_streamer_64.cpp:85]   --->   Operation 62 'store' 'store_ln85' <Predicate = (state_load & !and_ln67 & icmp_ln67)> <Delay = 0.42>
ST_1 : Operation 63 [1/1] (0.00ns)   --->   "%br_ln0 = br void %if.end30"   --->   Operation 63 'br' 'br_ln0' <Predicate = (state_load & !and_ln67 & icmp_ln67)> <Delay = 0.00>
ST_1 : Operation 64 [1/1] (0.00ns)   --->   "%br_ln0 = br void %if.end31"   --->   Operation 64 'br' 'br_ln0' <Predicate = (state_load & !and_ln67)> <Delay = 0.00>
ST_1 : Operation 65 [1/1] (0.42ns)   --->   "%store_ln0 = store i1 0, i1 %state"   --->   Operation 65 'store' 'store_ln0' <Predicate = (state_load & and_ln67)> <Delay = 0.42>
ST_1 : Operation 66 [1/1] (0.42ns)   --->   "%store_ln69 = store i32 0, i32 %current_fcw" [dwell_fcw_streamer_64.cpp:69]   --->   Operation 66 'store' 'store_ln69' <Predicate = (state_load & and_ln67)> <Delay = 0.42>
ST_1 : Operation 67 [1/1] (0.42ns)   --->   "%store_ln70 = store i1 0, i1 %current_word_was_last" [dwell_fcw_streamer_64.cpp:70]   --->   Operation 67 'store' 'store_ln70' <Predicate = (state_load & and_ln67)> <Delay = 0.42>
ST_1 : Operation 68 [1/1] (0.00ns)   --->   "%br_ln71 = br void %if.end31" [dwell_fcw_streamer_64.cpp:71]   --->   Operation 68 'br' 'br_ln71' <Predicate = (state_load & and_ln67)> <Delay = 0.00>
ST_1 : Operation 69 [1/1] (0.00ns)   --->   "%br_ln87 = br void %cleanup.cont" [dwell_fcw_streamer_64.cpp:87]   --->   Operation 69 'br' 'br_ln87' <Predicate = (state_load)> <Delay = 0.00>
ST_1 : Operation 70 [1/1] (0.00ns)   --->   "%ret_ln87 = ret" [dwell_fcw_streamer_64.cpp:87]   --->   Operation 70 'ret' 'ret_ln87' <Predicate = true> <Delay = 0.00>


============================================================
+ Verbose Summary: Timing violations
============================================================
Target clock period: 4.069ns, clock uncertainty: 1.099ns.

 <State 1>: 2.746ns
The critical path consists of the following:
	'load' operation 32 bit ('dwell_remaining_load', dwell_fcw_streamer_64.cpp:41) on static variable 'dwell_remaining' [36]  (0.000 ns)
	'add' operation 32 bit ('add_ln72', dwell_fcw_streamer_64.cpp:72) [63]  (1.016 ns)
	'icmp' operation 1 bit ('icmp_ln74', dwell_fcw_streamer_64.cpp:74) [65]  (1.016 ns)
	'and' operation 1 bit ('and_ln74', dwell_fcw_streamer_64.cpp:74) [66]  (0.287 ns)
	blocking operation 0.427 ns on control path)


============================================================
+ Verbose Summary: Binding
============================================================
N/A
* FSMD analyzer results:
  - Output states:
 - Input state : 
  - Chain level:
	State 1


============================================================
+ Verbose Summary: Datapath Resource usage 
============================================================
N/A
